// Jest Snapshot v1, https://goo.gl/fbAQLP

exports[`renders correctly 1`] = `
<View
  style={
    Object {
      "alignItems": "center",
      "backgroundColor": "#fafafa",
      "flex": 1,
      "justifyContent": "center",
    }
  }
>
  <View
    pointerEvents="auto"
    style={
      Object {
        "backgroundColor": "rgba(0, 0, 0, 0.12)",
        "borderRadius": 28,
        "elevation": 0,
        "marginLeft": "auto",
        "marginRight": "auto",
        "opacity": 1,
        "position": "absolute",
        "top": 30,
        "transform": Array [
          Object {
            "scale": 1,
          },
        ],
      }
    }
  >
    <View
      accessibilityLabel="Start"
      accessibilityRole="button"
      accessibilityState={
        Object {
          "disabled": true,
        }
      }
      accessible={true}
      focusable={true}
      onClick={[Function]}
      onResponderGrant={[Function]}
      onResponderMove={[Function]}
      onResponderRelease={[Function]}
      onResponderTerminate={[Function]}
      onResponderTerminationRequest={[Function]}
      onStartShouldSetResponder={[Function]}
      style={
        Array [
          Object {
            "overflow": "hidden",
          },
          Object {
            "borderRadius": 28,
          },
        ]
      }
    >
      <View
        pointerEvents="none"
        style={
          Array [
            Object {
              "alignItems": "center",
              "flexDirection": "row",
              "justifyContent": "center",
            },
            Object {
              "height": 48,
              "paddingHorizontal": 16,
            },
          ]
        }
      >
        <View
          style={
            Array [
              Object {
                "alignItems": "center",
                "justifyContent": "center",
              },
              Object {
                "height": 24,
                "width": 24,
              },
            ]
          }
        >
          <View
            style={
              Object {
                "bottom": 0,
                "left": 0,
                "opacity": 1,
                "position": "absolute",
                "right": 0,
                "top": 0,
                "transform": Array [
                  Object {
                    "rotate": "0deg",
                  },
                ],
              }
            }
          >
            <Text
              accessibilityElementsHidden={true}
              importantForAccessibility="no-hide-descendants"
              pointerEvents="none"
              selectable={false}
              style={
                Array [
                  Object {
                    "backgroundColor": "transparent",
                  },
                  Object {
                    "color": "rgba(0, 0, 0, 0.32)",
                    "fontSize": 24,
                  },
                ]
              }
            >
              □
            </Text>
          </View>
        </View>
        <Text
          selectable={false}
          style={
            Array [
              Object {
                "color": "#000000",
                "fontFamily": "System",
                "fontWeight": "400",
              },
              Object {
                "textAlign": "left",
              },
              Array [
                Object {
                  "marginHorizontal": 8,
                },
                Object {
                  "textTransform": "uppercase",
                },
                Object {
                  "color": "rgba(0, 0, 0, 0.32)",
                  "fontFamily": "System",
                  "fontWeight": "500",
                },
              ],
            ]
          }
        >
          Start
        </Text>
      </View>
    </View>
  </View>
  <View
    style={
      Object {
        "flex": 4,
        "flexDirection": "row",
        "marginTop": 100,
      }
    }
  >
    <RCTScrollView
      contentContainerStyle={
        Object {
          "alignItems": "center",
        }
      }
    >
      <View>
        <View
          style={
            Object {
              "flexDirection": "row",
              "flexWrap": "wrap",
              "justifyContent": "center",
            }
          }
        />
      </View>
    </RCTScrollView>
  </View>
  <View
    style={
      Object {
        "flex": 1,
      }
    }
  />
  <View
    pointerEvents="auto"
    style={
      Object {
        "backgroundColor": "#03dac4",
        "borderRadius": 28,
        "bottom": 0,
        "elevation": 6,
        "margin": 30,
        "opacity": 1,
        "position": "absolute",
        "right": 0,
        "shadowColor": "#000000",
        "shadowOffset": Object {
          "height": 5,
          "width": 0,
        },
        "shadowOpacity": 0.24,
        "shadowRadius": 6,
        "transform": Array [
          Object {
            "scale": 1,
          },
        ],
      }
    }
  >
    <View
      accessibilityLabel="Add"
      accessibilityRole="button"
      accessibilityState={
        Object {
          "disabled": false,
        }
      }
      accessible={true}
      focusable={true}
      onClick={[Function]}
      onResponderGrant={[Function]}
      onResponderMove={[Function]}
      onResponderRelease={[Function]}
      onResponderTerminate={[Function]}
      onResponderTerminationRequest={[Function]}
      onStartShouldSetResponder={[Function]}
      style={
        Array [
          Object {
            "overflow": "hidden",
          },
          Object {
            "borderRadius": 28,
          },
        ]
      }
    >
      <View
        pointerEvents="none"
        style={
          Array [
            Object {
              "alignItems": "center",
              "flexDirection": "row",
              "justifyContent": "center",
            },
            Object {
              "height": 48,
              "paddingHorizontal": 16,
            },
          ]
        }
      >
        <View
          style={
            Array [
              Object {
                "alignItems": "center",
                "justifyContent": "center",
              },
              Object {
                "height": 24,
                "width": 24,
              },
            ]
          }
        >
          <View
            style={
              Object {
                "bottom": 0,
                "left": 0,
                "opacity": 1,
                "position": "absolute",
                "right": 0,
                "top": 0,
                "transform": Array [
                  Object {
                    "rotate": "0deg",
                  },
                ],
              }
            }
          >
            <Text
              accessibilityElementsHidden={true}
              importantForAccessibility="no-hide-descendants"
              pointerEvents="none"
              selectable={false}
              style={
                Array [
                  Object {
                    "backgroundColor": "transparent",
                  },
                  Object {
                    "color": "rgba(0, 0, 0, .54)",
                    "fontSize": 24,
                  },
                ]
              }
            >
              □
            </Text>
          </View>
        </View>
        <Text
          selectable={false}
          style={
            Array [
              Object {
                "color": "#000000",
                "fontFamily": "System",
                "fontWeight": "400",
              },
              Object {
                "textAlign": "left",
              },
              Array [
                Object {
                  "marginHorizontal": 8,
                },
                Object {
                  "textTransform": "uppercase",
                },
                Object {
                  "color": "rgba(0, 0, 0, .54)",
                  "fontFamily": "System",
                  "fontWeight": "500",
                },
              ],
            ]
          }
        >
          Add
        </Text>
      </View>
    </View>
  </View>
  <View
    pointerEvents="auto"
    style={
      Object {
        "backgroundColor": "#03dac4",
        "borderRadius": 28,
        "bottom": 0,
        "elevation": 6,
        "left": 0,
        "margin": 30,
        "opacity": 1,
        "position": "absolute",
        "shadowColor": "#000000",
        "shadowOffset": Object {
          "height": 5,
          "width": 0,
        },
        "shadowOpacity": 0.24,
        "shadowRadius": 6,
        "transform": Array [
          Object {
            "scale": 1,
          },
        ],
      }
    }
  >
    <View
      accessibilityLabel="Scan"
      accessibilityRole="button"
      accessibilityState={
        Object {
          "disabled": false,
        }
      }
      accessible={true}
      focusable={true}
      onClick={[Function]}
      onResponderGrant={[Function]}
      onResponderMove={[Function]}
      onResponderRelease={[Function]}
      onResponderTerminate={[Function]}
      onResponderTerminationRequest={[Function]}
      onStartShouldSetResponder={[Function]}
      style={
        Array [
          Object {
            "overflow": "hidden",
          },
          Object {
            "borderRadius": 28,
          },
        ]
      }
    >
      <View
        pointerEvents="none"
        style={
          Array [
            Object {
              "alignItems": "center",
              "flexDirection": "row",
              "justifyContent": "center",
            },
            Object {
              "height": 48,
              "paddingHorizontal": 16,
            },
          ]
        }
      >
        <View
          style={
            Array [
              Object {
                "alignItems": "center",
                "justifyContent": "center",
              },
              Object {
                "height": 24,
                "width": 24,
              },
            ]
          }
        >
          <View
            style={
              Object {
                "bottom": 0,
                "left": 0,
                "opacity": 1,
                "position": "absolute",
                "right": 0,
                "top": 0,
                "transform": Array [
                  Object {
                    "rotate": "0deg",
                  },
                ],
              }
            }
          >
            <Text
              accessibilityElementsHidden={true}
              importantForAccessibility="no-hide-descendants"
              pointerEvents="none"
              selectable={false}
              style={
                Array [
                  Object {
                    "backgroundColor": "transparent",
                  },
                  Object {
                    "color": "rgba(0, 0, 0, .54)",
                    "fontSize": 24,
                  },
                ]
              }
            >
              □
            </Text>
          </View>
        </View>
        <Text
          selectable={false}
          style={
            Array [
              Object {
                "color": "#000000",
                "fontFamily": "System",
                "fontWeight": "400",
              },
              Object {
                "textAlign": "left",
              },
              Array [
                Object {
                  "marginHorizontal": 8,
                },
                Object {
                  "textTransform": "uppercase",
                },
                Object {
                  "color": "rgba(0, 0, 0, .54)",
                  "fontFamily": "System",
                  "fontWeight": "500",
                },
              ],
            ]
          }
        >
          Scan
        </Text>
      </View>
    </View>
  </View>
</View>
`;
